nohup: ignoring input
[surge] START Thu Jul 30 05:35:11 PM CEST 2026 | method='SURGE (SDA)' group=surge_sda | E=64 NP=20 dev=cuda save_states=traj11
[surge] NOTE: 1 live run.py process(es) still include 'SURGE (SDA)'.
[surge]       Re-run with CLEAN_ONLY=1 once they finish (see header).
[surge] --- phase 1: strip 'SURGE (SDA)' rows from group CSVs ---
[strip] removed 0 rows for ['SURGE (SDA)'] across 0 file(s); 0 distinct cell(s)
[strip] cell list -> paper_experiments/results/navier_stokes/.rerun_surge_sda_cells_phase1.txt
[surge] RESUME (CELLS_FILE set): keeping 2 finished surge_sda cell file(s) + their states; those cells are skipped below.
[surge] --- phase 2: rerun 77 cell(s) ---
[surge] SKIP (exists) 16_2_128_2__M100__traj10__surge_sda.csv
[surge] SKIP (exists) 16_2_128_2__M100__traj11__surge_sda.csv
[surge] RUN  (3/77) 16_2_128_2/M100/traj12 17:35:11
[surge] OK   (3/77) 16_2_128_2__M100__traj12__surge_sda.csv 17:55:30
[surge] RUN  (4/77) 16_2_128_2/M100/traj13 17:55:30
[surge] OK   (4/77) 16_2_128_2__M100__traj13__surge_sda.csv 18:15:54
[surge] RUN  (5/77) 16_2_128_2/M100/traj14 18:15:54
[surge] OK   (5/77) 16_2_128_2__M100__traj14__surge_sda.csv 18:37:01
[surge] RUN  (6/77) 16_2_128_2/M25/traj10 18:37:01
[surge] OK   (6/77) 16_2_128_2__M25__traj10__surge_sda.csv 18:44:01
[surge] RUN  (7/77) 16_2_128_2/M25/traj11 18:44:01
[surge] OK   (7/77) 16_2_128_2__M25__traj11__surge_sda.csv 18:50:55
[surge] RUN  (8/77) 16_2_128_2/M25/traj12 18:50:55
[surge] OK   (8/77) 16_2_128_2__M25__traj12__surge_sda.csv 18:56:56
[surge] RUN  (9/77) 16_2_128_2/M25/traj13 18:56:56
[surge] OK   (9/77) 16_2_128_2__M25__traj13__surge_sda.csv 19:03:56
[surge] RUN  (10/77) 16_2_128_2/M25/traj14 19:03:56
[surge] OK   (10/77) 16_2_128_2__M25__traj14__surge_sda.csv 19:11:01
[surge] RUN  (11/77) 16_2_128_2/M250/traj10 19:11:01
[surge] OK   (11/77) 16_2_128_2__M250__traj10__surge_sda.csv 20:01:02
[surge] RUN  (12/77) 16_2_128_2/M250/traj11 20:01:02
[surge] OK   (12/77) 16_2_128_2__M250__traj11__surge_sda.csv 20:50:09
[surge] RUN  (13/77) 16_2_128_2/M250/traj12 20:50:09
[surge] OK   (13/77) 16_2_128_2__M250__traj12__surge_sda.csv 21:38:56
[surge] RUN  (14/77) 16_2_128_2/M250/traj13 21:38:56
[surge] OK   (14/77) 16_2_128_2__M250__traj13__surge_sda.csv 22:28:52
[surge] RUN  (15/77) 16_2_128_2/M250/traj14 22:28:52
[surge] OK   (15/77) 16_2_128_2__M250__traj14__surge_sda.csv 23:19:08
[surge] RUN  (16/77) 16_2_128_2/M50/traj10 23:19:08
[surge] OK   (16/77) 16_2_128_2__M50__traj10__surge_sda.csv 23:30:52
[surge] RUN  (17/77) 16_2_128_2/M50/traj11 23:30:52
[surge] OK   (17/77) 16_2_128_2__M50__traj11__surge_sda.csv 23:42:45
[surge] RUN  (18/77) 16_2_128_2/M50/traj12 23:42:45
[surge] OK   (18/77) 16_2_128_2__M50__traj12__surge_sda.csv 23:54:36
[surge] RUN  (19/77) 16_2_128_2/M50/traj13 23:54:36
[surge] OK   (19/77) 16_2_128_2__M50__traj13__surge_sda.csv 00:06:18
[surge] RUN  (20/77) 16_2_128_2/M50/traj14 00:06:18
[surge] OK   (20/77) 16_2_128_2__M50__traj14__surge_sda.csv 00:17:49
[surge] RUN  (21/77) 32_2_128_2/M100/traj10 00:17:49
[surge] OK   (21/77) 32_2_128_2__M100__traj10__surge_sda.csv 00:39:12
[surge] RUN  (22/77) 32_2_128_2/M100/traj11 00:39:12
[surge] OK   (22/77) 32_2_128_2__M100__traj11__surge_sda.csv 01:01:04
[surge] RUN  (23/77) 32_2_128_2/M100/traj12 01:01:04
[surge] OK   (23/77) 32_2_128_2__M100__traj12__surge_sda.csv 01:22:45
[surge] RUN  (24/77) 32_2_128_2/M100/traj13 01:22:45
[surge] OK   (24/77) 32_2_128_2__M100__traj13__surge_sda.csv 01:44:39
[surge] RUN  (25/77) 32_2_128_2/M100/traj14 01:44:39
[surge] OK   (25/77) 32_2_128_2__M100__traj14__surge_sda.csv 02:06:39
[surge] RUN  (26/77) 32_2_128_2/M25/traj10 02:06:39
[surge] OK   (26/77) 32_2_128_2__M25__traj10__surge_sda.csv 02:13:45
[surge] RUN  (27/77) 32_2_128_2/M25/traj11 02:13:45
[surge] OK   (27/77) 32_2_128_2__M25__traj11__surge_sda.csv 02:20:41
[surge] RUN  (28/77) 32_2_128_2/M25/traj12 02:20:41
[surge] OK   (28/77) 32_2_128_2__M25__traj12__surge_sda.csv 02:27:37
[surge] RUN  (29/77) 32_2_128_2/M25/traj13 02:27:37
[surge] OK   (29/77) 32_2_128_2__M25__traj13__surge_sda.csv 02:34:38
[surge] RUN  (30/77) 32_2_128_2/M250/traj10 02:34:38
[surge] OK   (30/77) 32_2_128_2__M250__traj10__surge_sda.csv 03:26:02
[surge] RUN  (31/77) 32_2_128_2/M250/traj11 03:26:02
[surge] OK   (31/77) 32_2_128_2__M250__traj11__surge_sda.csv 04:18:17
[surge] RUN  (32/77) 32_2_128_2/M250/traj12 04:18:17
[surge] OK   (32/77) 32_2_128_2__M250__traj12__surge_sda.csv 05:10:52
[surge] RUN  (33/77) 32_2_128_2/M250/traj13 05:10:52
[surge] OK   (33/77) 32_2_128_2__M250__traj13__surge_sda.csv 06:03:21
[surge] RUN  (34/77) 32_2_128_2/M250/traj14 06:03:21
[surge] OK   (34/77) 32_2_128_2__M250__traj14__surge_sda.csv 06:55:55
[surge] RUN  (35/77) 32_2_128_2/M50/traj10 06:55:55
[surge] OK   (35/77) 32_2_128_2__M50__traj10__surge_sda.csv 07:07:11
[surge] RUN  (36/77) 32_2_128_2/M50/traj11 07:07:11
[surge] OK   (36/77) 32_2_128_2__M50__traj11__surge_sda.csv 07:18:22
[surge] RUN  (37/77) 32_2_128_2/M50/traj12 07:18:22
[surge] OK   (37/77) 32_2_128_2__M50__traj12__surge_sda.csv 07:29:21
[surge] RUN  (38/77) 32_2_128_2/M50/traj13 07:29:21
[surge] OK   (38/77) 32_2_128_2__M50__traj13__surge_sda.csv 07:40:22
[surge] RUN  (39/77) 32_2_128_2/M50/traj14 07:40:22
[surge] OK   (39/77) 32_2_128_2__M50__traj14__surge_sda.csv 07:51:21
[surge] RUN  (40/77) sparse_1_5625/M100/traj10 07:51:21
[surge] OK   (40/77) sparse_1_5625__M100__traj10__surge_sda.csv 08:12:26
[surge] RUN  (41/77) sparse_1_5625/M100/traj11 08:12:26
[surge] OK   (41/77) sparse_1_5625__M100__traj11__surge_sda.csv 08:33:33
[surge] RUN  (42/77) sparse_1_5625/M100/traj12 08:33:33
[surge] OK   (42/77) sparse_1_5625__M100__traj12__surge_sda.csv 08:53:29
[surge] RUN  (43/77) sparse_1_5625/M100/traj13 08:53:29
[surge] OK   (43/77) sparse_1_5625__M100__traj13__surge_sda.csv 09:13:21
[surge] RUN  (44/77) sparse_1_5625/M100/traj14 09:13:21
[surge] OK   (44/77) sparse_1_5625__M100__traj14__surge_sda.csv 09:33:01
[surge] RUN  (45/77) sparse_1_5625/M25/traj10 09:33:01
[surge] OK   (45/77) sparse_1_5625__M25__traj10__surge_sda.csv 09:39:04
[surge] RUN  (46/77) sparse_1_5625/M25/traj11 09:39:04
[surge] OK   (46/77) sparse_1_5625__M25__traj11__surge_sda.csv 09:45:19
[surge] RUN  (47/77) sparse_1_5625/M25/traj12 09:45:19
[surge] OK   (47/77) sparse_1_5625__M25__traj12__surge_sda.csv 09:51:16
[surge] RUN  (48/77) sparse_1_5625/M25/traj13 09:51:16
[surge] OK   (48/77) sparse_1_5625__M25__traj13__surge_sda.csv 09:57:12
[surge] RUN  (49/77) sparse_1_5625/M250/traj10 09:57:12
[surge] OK   (49/77) sparse_1_5625__M250__traj10__surge_sda.csv 10:45:42
[surge] RUN  (50/77) sparse_1_5625/M250/traj11 10:45:42
[surge] OK   (50/77) sparse_1_5625__M250__traj11__surge_sda.csv 11:35:17
[surge] RUN  (51/77) sparse_1_5625/M250/traj12 11:35:17
[surge] OK   (51/77) sparse_1_5625__M250__traj12__surge_sda.csv 12:21:31
[surge] RUN  (52/77) sparse_1_5625/M250/traj13 12:21:31
[surge] OK   (52/77) sparse_1_5625__M250__traj13__surge_sda.csv 13:09:01
[surge] RUN  (53/77) sparse_1_5625/M250/traj14 13:09:01
[surge] OK   (53/77) sparse_1_5625__M250__traj14__surge_sda.csv 13:55:23
[surge] RUN  (54/77) sparse_1_5625/M50/traj10 13:55:23
[surge] OK   (54/77) sparse_1_5625__M50__traj10__surge_sda.csv 14:05:05
[surge] RUN  (55/77) sparse_1_5625/M50/traj11 14:05:05
[surge] OK   (55/77) sparse_1_5625__M50__traj11__surge_sda.csv 14:14:52
[surge] RUN  (56/77) sparse_1_5625/M50/traj12 14:14:52
[surge] OK   (56/77) sparse_1_5625__M50__traj12__surge_sda.csv 14:24:33
[surge] RUN  (57/77) sparse_1_5625/M50/traj13 14:24:33
[surge] OK   (57/77) sparse_1_5625__M50__traj13__surge_sda.csv 14:34:13
[surge] RUN  (58/77) sparse_1_5625/M50/traj14 14:34:13
[surge] OK   (58/77) sparse_1_5625__M50__traj14__surge_sda.csv 14:44:05
[surge] RUN  (59/77) sparse_5/M100/traj10 14:44:05
[surge] OK   (59/77) sparse_5__M100__traj10__surge_sda.csv 15:03:10
[surge] RUN  (60/77) sparse_5/M100/traj11 15:03:10
[surge] OK   (60/77) sparse_5__M100__traj11__surge_sda.csv 15:22:31
[surge] RUN  (61/77) sparse_5/M100/traj12 15:22:31
[surge] OK   (61/77) sparse_5__M100__traj12__surge_sda.csv 15:42:03
[surge] RUN  (62/77) sparse_5/M100/traj13 15:42:03
[surge] OK   (62/77) sparse_5__M100__traj13__surge_sda.csv 16:00:51
[surge] RUN  (63/77) sparse_5/M100/traj14 16:00:51
[surge] OK   (63/77) sparse_5__M100__traj14__surge_sda.csv 16:18:54
[surge] RUN  (64/77) sparse_5/M25/traj10 16:18:54
[surge] OK   (64/77) sparse_5__M25__traj10__surge_sda.csv 16:23:39
[surge] RUN  (65/77) sparse_5/M25/traj11 16:23:39
[surge] OK   (65/77) sparse_5__M25__traj11__surge_sda.csv 16:28:29
[surge] RUN  (66/77) sparse_5/M25/traj12 16:28:29
[surge] OK   (66/77) sparse_5__M25__traj12__surge_sda.csv 16:33:17
[surge] RUN  (67/77) sparse_5/M25/traj13 16:33:17
[surge] OK   (67/77) sparse_5__M25__traj13__surge_sda.csv 16:38:05
[surge] RUN  (68/77) sparse_5/M250/traj10 16:38:05
[surge] OK   (68/77) sparse_5__M250__traj10__surge_sda.csv 17:22:24
[surge] RUN  (69/77) sparse_5/M250/traj11 17:22:24
[surge] OK   (69/77) sparse_5__M250__traj11__surge_sda.csv 18:07:07
[surge] RUN  (70/77) sparse_5/M250/traj12 18:07:07
[surge] OK   (70/77) sparse_5__M250__traj12__surge_sda.csv 18:51:57
[surge] RUN  (71/77) sparse_5/M250/traj13 18:51:57
[surge] OK   (71/77) sparse_5__M250__traj13__surge_sda.csv 19:36:57
[surge] RUN  (72/77) sparse_5/M250/traj14 19:36:57
[surge] OK   (72/77) sparse_5__M250__traj14__surge_sda.csv 20:22:04
[surge] RUN  (73/77) sparse_5/M50/traj10 20:22:04
[surge] OK   (73/77) sparse_5__M50__traj10__surge_sda.csv 20:31:21
[surge] RUN  (74/77) sparse_5/M50/traj11 20:31:21
[surge] OK   (74/77) sparse_5__M50__traj11__surge_sda.csv 20:40:42
[surge] RUN  (75/77) sparse_5/M50/traj12 20:40:42
[surge] OK   (75/77) sparse_5__M50__traj12__surge_sda.csv 20:49:57
[surge] RUN  (76/77) sparse_5/M50/traj13 20:49:57
[surge] OK   (76/77) sparse_5__M50__traj13__surge_sda.csv 20:59:13
[surge] RUN  (77/77) sparse_5/M50/traj14 20:59:13
[surge] OK   (77/77) sparse_5__M50__traj14__surge_sda.csv 21:08:29
[surge] --- phase 3: re-strip (catch rows written during the rerun) ---
[strip] stripped    9 rows  metrics/32_2_128_2__M25__traj14__baselines_nodflow.csv
[strip] stripped    9 rows  metrics/sparse_1_5625__M25__traj14__baselines_nodflow.csv
[strip] stripped    9 rows  metrics/sparse_5__M25__traj14__baselines_nodflow.csv
[strip] stripped   90 rows  per_step/32_2_128_2__M25__traj14__baselines_nodflow.csv
[strip] stripped  105 rows  per_step/sparse_1_5625__M25__traj14__baselines_nodflow.csv
[strip] stripped  105 rows  per_step/sparse_5__M25__traj14__baselines_nodflow.csv
[strip] removed 327 rows for ['SURGE (SDA)'] across 6 file(s); 3 distinct cell(s)
[strip] originals backed up under paper_experiments/results/navier_stokes/backup_pre_surge_sda_fix
[strip] cell list -> paper_experiments/results/navier_stokes/.rerun_surge_sda_cells_phase3.txt
[surge] NOTE: any cell listed above lost its 'SURGE (SDA)' rows and was NOT rerun
[surge]       -- rerun this script once the other grids finish to refill them.
[surge] ALL DONE Fri Jul 31 09:08:29 PM CEST 2026
