[chain] figext (pid 1886032) exited 11:34:46; starting DA=4 sweep
[urban-tune] START Thu Jul 30 11:34:46 AM CEST 2026 | which=da4 DRY_RUN=0 SMOKE=0 dev=cuda
[urban-tune] ===== method=fig (E=8 NP=9 dev=cuda traj=6) 11:34:46 =====
[urban-tune] RUN  fig/sparse_5/M25/k=3 c=5 -> sparse_5__M25__k3_c5.csv 11:34:46
[urban-tune] OK   fig/sparse_5/M25/k=3 c=5 11:35:21
[urban-tune] RUN  fig/sparse_5/M25/k=3 c=10 -> sparse_5__M25__k3_c10.csv 11:35:21
[urban-tune] OK   fig/sparse_5/M25/k=3 c=10 11:35:54
[urban-tune] RUN  fig/sparse_5/M25/k=3 c=20 -> sparse_5__M25__k3_c20.csv 11:35:55
[urban-tune] OK   fig/sparse_5/M25/k=3 c=20 11:36:28
[urban-tune] RUN  fig/sparse_5/M25/k=3 c=40 -> sparse_5__M25__k3_c40.csv 11:36:29
[urban-tune] OK   fig/sparse_5/M25/k=3 c=40 11:37:02
[urban-tune] RUN  fig/sparse_5/M25/k=3 c=80 -> sparse_5__M25__k3_c80.csv 11:37:02
[urban-tune] OK   fig/sparse_5/M25/k=3 c=80 11:37:36
[urban-tune] RUN  fig/sparse_5/M25/k=3 c=160 -> sparse_5__M25__k3_c160.csv 11:37:36
[urban-tune] OK   fig/sparse_5/M25/k=3 c=160 11:38:10
[urban-tune] RUN  fig/sparse_5/M50/k=3 c=5 -> sparse_5__M50__k3_c5.csv 11:38:10
[urban-tune] OK   fig/sparse_5/M50/k=3 c=5 11:38:54
[urban-tune] RUN  fig/sparse_5/M50/k=3 c=10 -> sparse_5__M50__k3_c10.csv 11:38:54
[urban-tune] OK   fig/sparse_5/M50/k=3 c=10 11:39:41
[urban-tune] RUN  fig/sparse_5/M50/k=3 c=20 -> sparse_5__M50__k3_c20.csv 11:39:41
[urban-tune] OK   fig/sparse_5/M50/k=3 c=20 11:40:28
[urban-tune] RUN  fig/sparse_5/M50/k=3 c=40 -> sparse_5__M50__k3_c40.csv 11:40:29
[urban-tune] OK   fig/sparse_5/M50/k=3 c=40 11:41:16
[urban-tune] RUN  fig/sparse_5/M50/k=3 c=80 -> sparse_5__M50__k3_c80.csv 11:41:16
[urban-tune] OK   fig/sparse_5/M50/k=3 c=80 11:42:05
[urban-tune] RUN  fig/sparse_5/M50/k=3 c=160 -> sparse_5__M50__k3_c160.csv 11:42:05
[urban-tune] OK   fig/sparse_5/M50/k=3 c=160 11:42:52
[urban-tune] RUN  fig/sparse_5/M100/k=3 c=5 -> sparse_5__M100__k3_c5.csv 11:42:52
[urban-tune] OK   fig/sparse_5/M100/k=3 c=5 11:44:10
[urban-tune] RUN  fig/sparse_5/M100/k=3 c=10 -> sparse_5__M100__k3_c10.csv 11:44:10
[urban-tune] OK   fig/sparse_5/M100/k=3 c=10 11:45:28
[urban-tune] RUN  fig/sparse_5/M100/k=3 c=20 -> sparse_5__M100__k3_c20.csv 11:45:28
[urban-tune] OK   fig/sparse_5/M100/k=3 c=20 11:46:46
[urban-tune] RUN  fig/sparse_5/M100/k=3 c=40 -> sparse_5__M100__k3_c40.csv 11:46:46
[urban-tune] OK   fig/sparse_5/M100/k=3 c=40 11:48:05
[urban-tune] RUN  fig/sparse_5/M100/k=3 c=80 -> sparse_5__M100__k3_c80.csv 11:48:05
[urban-tune] OK   fig/sparse_5/M100/k=3 c=80 11:49:25
[urban-tune] RUN  fig/sparse_5/M100/k=3 c=160 -> sparse_5__M100__k3_c160.csv 11:49:25
[urban-tune] OK   fig/sparse_5/M100/k=3 c=160 11:50:43
[urban-tune] RUN  fig/sparse_5/M250/k=3 c=5 -> sparse_5__M250__k3_c5.csv 11:50:43
[urban-tune] OK   fig/sparse_5/M250/k=3 c=5 11:53:33
[urban-tune] RUN  fig/sparse_5/M250/k=3 c=10 -> sparse_5__M250__k3_c10.csv 11:53:33
[urban-tune] OK   fig/sparse_5/M250/k=3 c=10 11:56:23
[urban-tune] RUN  fig/sparse_5/M250/k=3 c=20 -> sparse_5__M250__k3_c20.csv 11:56:23
[urban-tune] OK   fig/sparse_5/M250/k=3 c=20 11:59:14
[urban-tune] RUN  fig/sparse_5/M250/k=3 c=40 -> sparse_5__M250__k3_c40.csv 11:59:14
[urban-tune] OK   fig/sparse_5/M250/k=3 c=40 12:01:52
[urban-tune] RUN  fig/sparse_5/M250/k=3 c=80 -> sparse_5__M250__k3_c80.csv 12:01:52
[urban-tune] OK   fig/sparse_5/M250/k=3 c=80 12:04:45
[urban-tune] RUN  fig/sparse_5/M250/k=3 c=160 -> sparse_5__M250__k3_c160.csv 12:04:45
[urban-tune] OK   fig/sparse_5/M250/k=3 c=160 12:07:38
[urban-tune] RUN  fig/sparse_1.5625/M25/k=3 c=5 -> sparse_1.5625__M25__k3_c5.csv 12:07:38
[urban-tune] OK   fig/sparse_1.5625/M25/k=3 c=5 12:08:07
[urban-tune] RUN  fig/sparse_1.5625/M25/k=3 c=10 -> sparse_1.5625__M25__k3_c10.csv 12:08:07
[urban-tune] OK   fig/sparse_1.5625/M25/k=3 c=10 12:08:41
[urban-tune] RUN  fig/sparse_1.5625/M25/k=3 c=20 -> sparse_1.5625__M25__k3_c20.csv 12:08:41
[urban-tune] OK   fig/sparse_1.5625/M25/k=3 c=20 12:09:17
[urban-tune] RUN  fig/sparse_1.5625/M25/k=3 c=40 -> sparse_1.5625__M25__k3_c40.csv 12:09:17
[urban-tune] OK   fig/sparse_1.5625/M25/k=3 c=40 12:09:52
[urban-tune] RUN  fig/sparse_1.5625/M25/k=3 c=80 -> sparse_1.5625__M25__k3_c80.csv 12:09:52
[urban-tune] OK   fig/sparse_1.5625/M25/k=3 c=80 12:10:28
[urban-tune] RUN  fig/sparse_1.5625/M25/k=3 c=160 -> sparse_1.5625__M25__k3_c160.csv 12:10:28
[urban-tune] OK   fig/sparse_1.5625/M25/k=3 c=160 12:11:04
[urban-tune] RUN  fig/sparse_1.5625/M50/k=3 c=5 -> sparse_1.5625__M50__k3_c5.csv 12:11:05
[urban-tune] OK   fig/sparse_1.5625/M50/k=3 c=5 12:11:58
[urban-tune] RUN  fig/sparse_1.5625/M50/k=3 c=10 -> sparse_1.5625__M50__k3_c10.csv 12:11:58
[urban-tune] OK   fig/sparse_1.5625/M50/k=3 c=10 12:12:51
[urban-tune] RUN  fig/sparse_1.5625/M50/k=3 c=20 -> sparse_1.5625__M50__k3_c20.csv 12:12:51
[urban-tune] OK   fig/sparse_1.5625/M50/k=3 c=20 12:13:42
[urban-tune] RUN  fig/sparse_1.5625/M50/k=3 c=40 -> sparse_1.5625__M50__k3_c40.csv 12:13:42
[urban-tune] OK   fig/sparse_1.5625/M50/k=3 c=40 12:14:31
[urban-tune] RUN  fig/sparse_1.5625/M50/k=3 c=80 -> sparse_1.5625__M50__k3_c80.csv 12:14:31
[urban-tune] OK   fig/sparse_1.5625/M50/k=3 c=80 12:15:22
[urban-tune] RUN  fig/sparse_1.5625/M50/k=3 c=160 -> sparse_1.5625__M50__k3_c160.csv 12:15:22
[urban-tune] OK   fig/sparse_1.5625/M50/k=3 c=160 12:16:13
[urban-tune] RUN  fig/sparse_1.5625/M100/k=3 c=5 -> sparse_1.5625__M100__k3_c5.csv 12:16:13
[urban-tune] OK   fig/sparse_1.5625/M100/k=3 c=5 12:17:35
[urban-tune] RUN  fig/sparse_1.5625/M100/k=3 c=10 -> sparse_1.5625__M100__k3_c10.csv 12:17:35
[urban-tune] OK   fig/sparse_1.5625/M100/k=3 c=10 12:18:56
[urban-tune] RUN  fig/sparse_1.5625/M100/k=3 c=20 -> sparse_1.5625__M100__k3_c20.csv 12:18:56
[urban-tune] OK   fig/sparse_1.5625/M100/k=3 c=20 12:20:10
[urban-tune] RUN  fig/sparse_1.5625/M100/k=3 c=40 -> sparse_1.5625__M100__k3_c40.csv 12:20:10
[urban-tune] OK   fig/sparse_1.5625/M100/k=3 c=40 12:21:31
[urban-tune] RUN  fig/sparse_1.5625/M100/k=3 c=80 -> sparse_1.5625__M100__k3_c80.csv 12:21:31
[urban-tune] OK   fig/sparse_1.5625/M100/k=3 c=80 12:22:52
[urban-tune] RUN  fig/sparse_1.5625/M100/k=3 c=160 -> sparse_1.5625__M100__k3_c160.csv 12:22:52
[urban-tune] OK   fig/sparse_1.5625/M100/k=3 c=160 12:24:13
[urban-tune] RUN  fig/sparse_1.5625/M250/k=3 c=5 -> sparse_1.5625__M250__k3_c5.csv 12:24:13
[urban-tune] OK   fig/sparse_1.5625/M250/k=3 c=5 12:27:08
[urban-tune] RUN  fig/sparse_1.5625/M250/k=3 c=10 -> sparse_1.5625__M250__k3_c10.csv 12:27:08
[urban-tune] OK   fig/sparse_1.5625/M250/k=3 c=10 12:30:04
[urban-tune] RUN  fig/sparse_1.5625/M250/k=3 c=20 -> sparse_1.5625__M250__k3_c20.csv 12:30:04
[urban-tune] OK   fig/sparse_1.5625/M250/k=3 c=20 12:33:00
[urban-tune] RUN  fig/sparse_1.5625/M250/k=3 c=40 -> sparse_1.5625__M250__k3_c40.csv 12:33:00
[urban-tune] OK   fig/sparse_1.5625/M250/k=3 c=40 12:35:55
[urban-tune] RUN  fig/sparse_1.5625/M250/k=3 c=80 -> sparse_1.5625__M250__k3_c80.csv 12:35:55
[urban-tune] OK   fig/sparse_1.5625/M250/k=3 c=80 12:38:51
[urban-tune] RUN  fig/sparse_1.5625/M250/k=3 c=160 -> sparse_1.5625__M250__k3_c160.csv 12:38:51
[urban-tune] OK   fig/sparse_1.5625/M250/k=3 c=160 12:41:51
[urban-tune] ===== method=sda (E=8 NP=9 dev=cuda traj=6) 12:41:51 =====
[urban-tune] RUN  sda/sparse_5/M25/gamma=0.00001 -> sparse_5__M25__gamma0.00001.csv 12:41:51
[urban-tune] OK   sda/sparse_5/M25/gamma=0.00001 12:43:01
[urban-tune] RUN  sda/sparse_5/M25/gamma=0.0001 -> sparse_5__M25__gamma0.0001.csv 12:43:01
[urban-tune] OK   sda/sparse_5/M25/gamma=0.0001 12:44:15
[urban-tune] RUN  sda/sparse_5/M25/gamma=0.0005 -> sparse_5__M25__gamma0.0005.csv 12:44:15
[urban-tune] OK   sda/sparse_5/M25/gamma=0.0005 12:45:27
[urban-tune] RUN  sda/sparse_5/M25/gamma=0.001 -> sparse_5__M25__gamma0.001.csv 12:45:27
[urban-tune] OK   sda/sparse_5/M25/gamma=0.001 12:46:40
[urban-tune] RUN  sda/sparse_5/M25/gamma=0.01 -> sparse_5__M25__gamma0.01.csv 12:46:40
[urban-tune] OK   sda/sparse_5/M25/gamma=0.01 12:47:52
[urban-tune] RUN  sda/sparse_5/M50/gamma=0.00001 -> sparse_5__M50__gamma0.00001.csv 12:47:52
[urban-tune] OK   sda/sparse_5/M50/gamma=0.00001 12:50:05
[urban-tune] RUN  sda/sparse_5/M50/gamma=0.0001 -> sparse_5__M50__gamma0.0001.csv 12:50:06
[urban-tune] OK   sda/sparse_5/M50/gamma=0.0001 12:52:15
[urban-tune] RUN  sda/sparse_5/M50/gamma=0.0005 -> sparse_5__M50__gamma0.0005.csv 12:52:15
[urban-tune] OK   sda/sparse_5/M50/gamma=0.0005 12:54:21
[urban-tune] RUN  sda/sparse_5/M50/gamma=0.001 -> sparse_5__M50__gamma0.001.csv 12:54:21
[urban-tune] OK   sda/sparse_5/M50/gamma=0.001 12:56:29
[urban-tune] RUN  sda/sparse_5/M50/gamma=0.01 -> sparse_5__M50__gamma0.01.csv 12:56:29
[urban-tune] OK   sda/sparse_5/M50/gamma=0.01 12:58:37
[urban-tune] RUN  sda/sparse_5/M100/gamma=0.00001 -> sparse_5__M100__gamma0.00001.csv 12:58:37
[urban-tune] OK   sda/sparse_5/M100/gamma=0.00001 13:02:25
[urban-tune] RUN  sda/sparse_5/M100/gamma=0.0001 -> sparse_5__M100__gamma0.0001.csv 13:02:25
[urban-tune] OK   sda/sparse_5/M100/gamma=0.0001 13:06:11
[urban-tune] RUN  sda/sparse_5/M100/gamma=0.0005 -> sparse_5__M100__gamma0.0005.csv 13:06:11
[urban-tune] OK   sda/sparse_5/M100/gamma=0.0005 13:09:41
[urban-tune] RUN  sda/sparse_5/M100/gamma=0.001 -> sparse_5__M100__gamma0.001.csv 13:09:41
[urban-tune] OK   sda/sparse_5/M100/gamma=0.001 13:13:10
[urban-tune] RUN  sda/sparse_5/M100/gamma=0.01 -> sparse_5__M100__gamma0.01.csv 13:13:10
[urban-tune] OK   sda/sparse_5/M100/gamma=0.01 13:16:38
[urban-tune] RUN  sda/sparse_5/M250/gamma=0.00001 -> sparse_5__M250__gamma0.00001.csv 13:16:38
[urban-tune] OK   sda/sparse_5/M250/gamma=0.00001 13:24:54
[urban-tune] RUN  sda/sparse_5/M250/gamma=0.0001 -> sparse_5__M250__gamma0.0001.csv 13:24:54
[urban-tune] OK   sda/sparse_5/M250/gamma=0.0001 13:33:09
[urban-tune] RUN  sda/sparse_5/M250/gamma=0.0005 -> sparse_5__M250__gamma0.0005.csv 13:33:09
[urban-tune] OK   sda/sparse_5/M250/gamma=0.0005 13:41:42
[urban-tune] RUN  sda/sparse_5/M250/gamma=0.001 -> sparse_5__M250__gamma0.001.csv 13:41:42
[urban-tune] OK   sda/sparse_5/M250/gamma=0.001 13:50:19
[urban-tune] RUN  sda/sparse_5/M250/gamma=0.01 -> sparse_5__M250__gamma0.01.csv 13:50:19
[urban-tune] OK   sda/sparse_5/M250/gamma=0.01 13:59:03
[urban-tune] RUN  sda/sparse_1.5625/M25/gamma=0.00001 -> sparse_1.5625__M25__gamma0.00001.csv 13:59:03
[urban-tune] OK   sda/sparse_1.5625/M25/gamma=0.00001 14:00:12
[urban-tune] RUN  sda/sparse_1.5625/M25/gamma=0.0001 -> sparse_1.5625__M25__gamma0.0001.csv 14:00:12
[urban-tune] OK   sda/sparse_1.5625/M25/gamma=0.0001 14:01:22
[urban-tune] RUN  sda/sparse_1.5625/M25/gamma=0.0005 -> sparse_1.5625__M25__gamma0.0005.csv 14:01:22
[urban-tune] OK   sda/sparse_1.5625/M25/gamma=0.0005 14:02:33
[urban-tune] RUN  sda/sparse_1.5625/M25/gamma=0.001 -> sparse_1.5625__M25__gamma0.001.csv 14:02:33
[urban-tune] OK   sda/sparse_1.5625/M25/gamma=0.001 14:03:45
[urban-tune] RUN  sda/sparse_1.5625/M25/gamma=0.01 -> sparse_1.5625__M25__gamma0.01.csv 14:03:45
[urban-tune] OK   sda/sparse_1.5625/M25/gamma=0.01 14:04:57
[urban-tune] RUN  sda/sparse_1.5625/M50/gamma=0.00001 -> sparse_1.5625__M50__gamma0.00001.csv 14:04:57
[urban-tune] OK   sda/sparse_1.5625/M50/gamma=0.00001 14:06:46
[urban-tune] RUN  sda/sparse_1.5625/M50/gamma=0.0001 -> sparse_1.5625__M50__gamma0.0001.csv 14:06:46
[urban-tune] OK   sda/sparse_1.5625/M50/gamma=0.0001 14:08:48
[urban-tune] RUN  sda/sparse_1.5625/M50/gamma=0.0005 -> sparse_1.5625__M50__gamma0.0005.csv 14:08:48
[urban-tune] OK   sda/sparse_1.5625/M50/gamma=0.0005 14:10:49
[urban-tune] RUN  sda/sparse_1.5625/M50/gamma=0.001 -> sparse_1.5625__M50__gamma0.001.csv 14:10:49
[urban-tune] OK   sda/sparse_1.5625/M50/gamma=0.001 14:12:51
[urban-tune] RUN  sda/sparse_1.5625/M50/gamma=0.01 -> sparse_1.5625__M50__gamma0.01.csv 14:12:51
[urban-tune] OK   sda/sparse_1.5625/M50/gamma=0.01 14:14:54
[urban-tune] RUN  sda/sparse_1.5625/M100/gamma=0.00001 -> sparse_1.5625__M100__gamma0.00001.csv 14:14:54
[urban-tune] OK   sda/sparse_1.5625/M100/gamma=0.00001 14:18:17
[urban-tune] RUN  sda/sparse_1.5625/M100/gamma=0.0001 -> sparse_1.5625__M100__gamma0.0001.csv 14:18:17
[urban-tune] OK   sda/sparse_1.5625/M100/gamma=0.0001 14:21:59
[urban-tune] RUN  sda/sparse_1.5625/M100/gamma=0.0005 -> sparse_1.5625__M100__gamma0.0005.csv 14:21:59
[urban-tune] OK   sda/sparse_1.5625/M100/gamma=0.0005 14:25:44
[urban-tune] RUN  sda/sparse_1.5625/M100/gamma=0.001 -> sparse_1.5625__M100__gamma0.001.csv 14:25:44
[urban-tune] OK   sda/sparse_1.5625/M100/gamma=0.001 14:29:22
[urban-tune] RUN  sda/sparse_1.5625/M100/gamma=0.01 -> sparse_1.5625__M100__gamma0.01.csv 14:29:22
[urban-tune] OK   sda/sparse_1.5625/M100/gamma=0.01 14:33:06
[urban-tune] RUN  sda/sparse_1.5625/M250/gamma=0.00001 -> sparse_1.5625__M250__gamma0.00001.csv 14:33:06
[urban-tune] OK   sda/sparse_1.5625/M250/gamma=0.00001 14:41:36
[urban-tune] RUN  sda/sparse_1.5625/M250/gamma=0.0001 -> sparse_1.5625__M250__gamma0.0001.csv 14:41:36
[urban-tune] OK   sda/sparse_1.5625/M250/gamma=0.0001 14:50:26
[urban-tune] RUN  sda/sparse_1.5625/M250/gamma=0.0005 -> sparse_1.5625__M250__gamma0.0005.csv 14:50:26
[urban-tune] OK   sda/sparse_1.5625/M250/gamma=0.0005 14:59:17
[urban-tune] RUN  sda/sparse_1.5625/M250/gamma=0.001 -> sparse_1.5625__M250__gamma0.001.csv 14:59:17
[urban-tune] OK   sda/sparse_1.5625/M250/gamma=0.001 15:07:51
[urban-tune] RUN  sda/sparse_1.5625/M250/gamma=0.01 -> sparse_1.5625__M250__gamma0.01.csv 15:07:51
[urban-tune] OK   sda/sparse_1.5625/M250/gamma=0.01 15:16:46
[urban-tune] ALL DONE Thu Jul 30 03:16:46 PM CEST 2026
