[sched-ours] 2026-07-31 16:32:43 sleeping 23237s until 23:00
[sched-ours] 2026-07-31 23:00:00 23:00 reached; checking the GPU is free of SURGE work
[sched-ours] 2026-07-31 23:00:00 GPU free = 23586 MiB; launching Ours sweep
[urban-tune-ours] START Fri Jul 31 11:00:00 PM CEST 2026 | which=ours DRY_RUN=0 SMOKE=0 dev=cuda KS=[10]
[urban-tune-ours] ===== ours = ["Ours (SI-SDE)","Ours (DM-SDE)","Ours (FM-ODE)"] (E=8 NP=8 dev=cuda traj=6) 23:00:00 =====
[urban-tune-ours] SKIP (exists) paper_experiments/results/urban/tuning_da3/ours/sparse_5__M25__jacfree.csv
[urban-tune-ours] SKIP (exists) paper_experiments/results/urban/tuning_da3/ours/sparse_5__M25__k10_lam0.9.csv
[urban-tune-ours] RUN  ours/sparse_5/M25/k=10 lambda=0.95 -> sparse_5__M25__k10_lam0.95.csv 23:00:00
[urban-tune-ours] OK   ours/sparse_5/M25/k=10 lambda=0.95 23:32:17
[urban-tune-ours] RUN  ours/sparse_5/M25/k=10 lambda=1.0 -> sparse_5__M25__k10_lam1.0.csv 23:32:17
[urban-tune-ours] OK   ours/sparse_5/M25/k=10 lambda=1.0 00:05:48
[urban-tune-ours] RUN  ours/sparse_5/M50/jacfree -> sparse_5__M50__jacfree.csv 00:05:48
[urban-tune-ours] OK   ours/sparse_5/M50/jacfree 00:06:31
[urban-tune-ours] RUN  ours/sparse_5/M50/k=10 lambda=0.9 -> sparse_5__M50__k10_lam0.9.csv 00:06:31
[urban-tune-ours] OK   ours/sparse_5/M50/k=10 lambda=0.9 01:02:52
[urban-tune-ours] RUN  ours/sparse_5/M50/k=10 lambda=0.95 -> sparse_5__M50__k10_lam0.95.csv 01:02:52
[urban-tune-ours] OK   ours/sparse_5/M50/k=10 lambda=0.95 01:59:22
[urban-tune-ours] RUN  ours/sparse_5/M50/k=10 lambda=1.0 -> sparse_5__M50__k10_lam1.0.csv 01:59:22
[urban-tune-ours] OK   ours/sparse_5/M50/k=10 lambda=1.0 02:55:55
[urban-tune-ours] RUN  ours/sparse_1.5625/M25/jacfree -> sparse_1.5625__M25__jacfree.csv 02:55:55
[urban-tune-ours] OK   ours/sparse_1.5625/M25/jacfree 02:56:18
[urban-tune-ours] RUN  ours/sparse_1.5625/M25/k=10 lambda=0.9 -> sparse_1.5625__M25__k10_lam0.9.csv 02:56:18
[urban-tune-ours] OK   ours/sparse_1.5625/M25/k=10 lambda=0.9 03:07:34
[urban-tune-ours] RUN  ours/sparse_1.5625/M25/k=10 lambda=0.95 -> sparse_1.5625__M25__k10_lam0.95.csv 03:07:34
[urban-tune-ours] OK   ours/sparse_1.5625/M25/k=10 lambda=0.95 03:18:52
[urban-tune-ours] RUN  ours/sparse_1.5625/M25/k=10 lambda=1.0 -> sparse_1.5625__M25__k10_lam1.0.csv 03:18:52
[urban-tune-ours] OK   ours/sparse_1.5625/M25/k=10 lambda=1.0 03:30:10
[urban-tune-ours] RUN  ours/sparse_1.5625/M50/jacfree -> sparse_1.5625__M50__jacfree.csv 03:30:10
[urban-tune-ours] OK   ours/sparse_1.5625/M50/jacfree 03:30:48
[urban-tune-ours] RUN  ours/sparse_1.5625/M50/k=10 lambda=0.9 -> sparse_1.5625__M50__k10_lam0.9.csv 03:30:48
[urban-tune-ours] OK   ours/sparse_1.5625/M50/k=10 lambda=0.9 03:49:53
[urban-tune-ours] RUN  ours/sparse_1.5625/M50/k=10 lambda=0.95 -> sparse_1.5625__M50__k10_lam0.95.csv 03:49:53
[urban-tune-ours] OK   ours/sparse_1.5625/M50/k=10 lambda=0.95 04:09:00
[urban-tune-ours] RUN  ours/sparse_1.5625/M50/k=10 lambda=1.0 -> sparse_1.5625__M50__k10_lam1.0.csv 04:09:00
[urban-tune-ours] OK   ours/sparse_1.5625/M50/k=10 lambda=1.0 04:28:06
[urban-tune-ours] ALL DONE Sat Aug  1 04:28:06 AM CEST 2026
