[sched-timing] 2026-08-01 08:26:27 sleeping 34413s until 2026-08-01 18:00
[sched-timing] 2026-08-01 18:00:00 18:00 reached; waiting for an IDLE GPU
[sched-timing] 2026-08-01 18:00:01 GPU idle; starting measure_timing.py
cells: 24 total, 0 already in seconds_per_step.csv, 24 to run
  n_assim=3 (num_physical_steps=8), E=64, device=cuda
  seconds_per_step = elapsed / 3  (average over the 3 DA steps)
[1/24] navier_stokes / 16^2->128^2 / M=None / classical ...
    ok (1.1 min wall): EnKF=7.47s/step, Particle filter=7.26s/step
[2/24] navier_stokes / 32^2->128^2 / M=None / classical ...
    ok (1.1 min wall): EnKF=7.45s/step, Particle filter=6.76s/step
[3/24] navier_stokes / sparse 5% / M=None / classical ...
    ok (1.1 min wall): EnKF=7.52s/step, Particle filter=6.76s/step
[4/24] navier_stokes / sparse 1.5625% / M=None / classical ...
    ok (1.1 min wall): EnKF=7.45s/step, Particle filter=6.77s/step
[5/24] navier_stokes / 16^2->128^2 / M=25 / ours_jacfree ...
    ok (0.7 min wall): Ours (SI-SDE)=1.72s/step, Ours (DM-SDE)=3.25s/step, Ours (FM-ODE)=3.24s/step
[6/24] navier_stokes / 32^2->128^2 / M=25 / ours_jacfree ...
    ok (0.7 min wall): Ours (SI-SDE)=1.78s/step, Ours (DM-SDE)=3.32s/step, Ours (FM-ODE)=3.30s/step
[7/24] navier_stokes / sparse 5% / M=25 / ours_jacfree ...
    ok (0.7 min wall): Ours (SI-SDE)=1.79s/step, Ours (DM-SDE)=3.29s/step, Ours (FM-ODE)=3.29s/step
[8/24] navier_stokes / sparse 1.5625% / M=25 / ours_jacfree ...
    ok (0.7 min wall): Ours (SI-SDE)=1.73s/step, Ours (DM-SDE)=3.25s/step, Ours (FM-ODE)=3.24s/step
[9/24] navier_stokes / 16^2->128^2 / M=25 / baselines ...
    ok (11.1 min wall): FlowDAS=6.73s/step, SURGE (FlowDAS)=8.05s/step, SDA=13.05s/step, SURGE (SDA)=16.18s/step, D-Flow SGLD=167.90s/step, Guided FM (FIG)=3.41s/step
[10/24] navier_stokes / 32^2->128^2 / M=25 / baselines ...
    ok (11.5 min wall): FlowDAS=6.85s/step, SURGE (FlowDAS)=8.38s/step, SDA=13.68s/step, SURGE (SDA)=17.07s/step, D-Flow SGLD=173.41s/step, Guided FM (FIG)=3.49s/step
[11/24] navier_stokes / sparse 5% / M=25 / baselines ...
    ok (11.7 min wall): FlowDAS=6.76s/step, SURGE (FlowDAS)=8.31s/step, SDA=13.84s/step, SURGE (SDA)=17.36s/step, D-Flow SGLD=175.39s/step, Guided FM (FIG)=3.52s/step
[12/24] navier_stokes / sparse 1.5625% / M=25 / baselines ...
    ok (11.6 min wall): FlowDAS=6.78s/step, SURGE (FlowDAS)=8.43s/step, SDA=13.95s/step, SURGE (SDA)=17.40s/step, D-Flow SGLD=176.05s/step, Guided FM (FIG)=3.56s/step
[13/24] urban / sparse 5% / M=25 / ours_jacfree ...
    ok (1.7 min wall): Ours (SI-SDE)=10.30s/step, Ours (DM-SDE)=10.38s/step, Ours (FM-ODE)=10.37s/step
[14/24] urban / sparse 1.5625% / M=25 / ours_jacfree ...
    ok (1.7 min wall): Ours (SI-SDE)=9.86s/step, Ours (DM-SDE)=10.04s/step, Ours (FM-ODE)=10.11s/step
[15/24] urban / sparse 5% / M=25 / baselines ...
    FAILED rc=1; see /export/scratch1/ntm/postdoc/scientific-stochastic-interpolants/paper_experiments/results/timing/logs/urban_sparse_5_M25_baselines.log
[16/24] urban / sparse 1.5625% / M=25 / baselines ...
    FAILED rc=1; see /export/scratch1/ntm/postdoc/scientific-stochastic-interpolants/paper_experiments/results/timing/logs/urban_sparse_1_5625_M25_baselines.log
[17/24] urban / sparse 5% / M=25 / dflow ...
    FAILED rc=1; see /export/scratch1/ntm/postdoc/scientific-stochastic-interpolants/paper_experiments/results/timing/logs/urban_sparse_5_M25_dflow.log
[18/24] urban / sparse 1.5625% / M=25 / dflow ...
    FAILED rc=1; see /export/scratch1/ntm/postdoc/scientific-stochastic-interpolants/paper_experiments/results/timing/logs/urban_sparse_1_5625_M25_dflow.log
[19/24] navier_stokes / 16^2->128^2 / M=25 / ours_shared_k10 ...
    ok (3.0 min wall): Ours (SI-SDE)=10.33s/step, Ours (DM-SDE)=21.81s/step, Ours (FM-ODE)=22.27s/step
[20/24] navier_stokes / 32^2->128^2 / M=25 / ours_shared_k10 ...
    ok (5.5 min wall): Ours (SI-SDE)=19.42s/step, Ours (DM-SDE)=41.03s/step, Ours (FM-ODE)=41.22s/step
[21/24] navier_stokes / sparse 5% / M=25 / ours_shared_k10 ...
    ok (4.8 min wall): Ours (SI-SDE)=17.11s/step, Ours (DM-SDE)=36.09s/step, Ours (FM-ODE)=36.18s/step
[22/24] navier_stokes / sparse 1.5625% / M=25 / ours_shared_k10 ...
    ok (3.1 min wall): Ours (SI-SDE)=10.45s/step, Ours (DM-SDE)=22.16s/step, Ours (FM-ODE)=22.32s/step
[23/24] urban / sparse 5% / M=25 / ours_shared_k10 ...
    ok (39.7 min wall): Ours (SI-SDE)=262.97s/step, Ours (DM-SDE)=263.91s/step, Ours (FM-ODE)=263.87s/step
[24/24] urban / sparse 1.5625% / M=25 / ours_shared_k10 ...
    ok (17.1 min wall): Ours (SI-SDE)=112.54s/step, Ours (DM-SDE)=113.20s/step, Ours (FM-ODE)=113.16s/step

Done. 20 cell(s) measured, 4 failed. -> /export/scratch1/ntm/postdoc/scientific-stochastic-interpolants/paper_experiments/results/timing/seconds_per_step.csv
Existing results/<case>/metrics/*.csv were NOT modified.
